// Jest Snapshot v1, https://goo.gl/fbAQLP

exports[`Button matches snapshot 1`] = `
<button
  className="sc-gswNZR bPbNkq"
  data-testid="fact-button"
>
  Get a new fact
</button>
`;
